c:\users\welly\onedrive\documents\wrkshop1\x64\release\vc143.pdb
c:\users\welly\onedrive\documents\wrkshop1\x64\release\main.obj
c:\users\welly\onedrive\documents\wrkshop1\x64\release\database.obj
c:\users\welly\onedrive\documents\wrkshop1\x64\release\workshop1.lib
c:\users\welly\onedrive\documents\wrkshop1\x64\release\workshop1.exp
c:\users\welly\onedrive\documents\wrkshop1\x64\release\workshop1.ipdb
c:\users\welly\onedrive\documents\wrkshop1\x64\release\workshop1.iobj
c:\users\welly\onedrive\documents\wrkshop1\x64\release\workshop1.exe
c:\users\welly\onedrive\documents\wrkshop1\x64\release\workshop1.pdb
c:\users\welly\onedrive\documents\wrkshop1\x64\release\wrkshop1.ipdb
c:\users\welly\onedrive\documents\wrkshop1\x64\release\wrkshop1.iobj
c:\users\welly\onedrive\documents\wrkshop1\x64\release\wrkshop1.exp
c:\users\welly\onedrive\documents\wrkshop1\x64\release\wrkshop1.pdb
c:\users\welly\onedrive\documents\wrkshop1\x64\release\workshop1.tlog\cl.command.1.tlog
c:\users\welly\onedrive\documents\wrkshop1\x64\release\workshop1.tlog\cl.items.tlog
c:\users\welly\onedrive\documents\wrkshop1\x64\release\workshop1.tlog\cl.read.1.tlog
c:\users\welly\onedrive\documents\wrkshop1\x64\release\workshop1.tlog\cl.write.1.tlog
c:\users\welly\onedrive\documents\wrkshop1\x64\release\workshop1.tlog\link.command.1.tlog
c:\users\welly\onedrive\documents\wrkshop1\x64\release\workshop1.tlog\link.read.1.tlog
c:\users\welly\onedrive\documents\wrkshop1\x64\release\workshop1.tlog\link.write.1.tlog
c:\users\welly\onedrive\documents\wrkshop1\x64\release\workshop1.tlog\link.write.2u.tlog
